이어서 진행: 과정 790개 완료, 5500행 복원
[400/1196] AIG20230000412579  유효회차 22개  누적 5522행
[401/1196] AIG20230000412580  유효회차 8개  누적 5530행
[402/1196] AIG20230000412581  유효회차 8개  누적 5538행
[403/1196] AIG20230000412586  유효회차 23개  누적 5561행
[404/1196] AIG20230000412587  유효회차 2개  누적 5563행
[405/1196] AIG20230000412591  유효회차 9개  누적 5572행
[406/1196] AIG20230000412595  유효회차 2개  누적 5574행
[407/1196] AIG20230000412600  유효회차 2개  누적 5576행
[408/1196] AIG20230000412601  유효회차 6개  누적 5582행
[409/1196] AIG20230000412602  유효회차 3개  누적 5585행
[410/1196] AIG20230000412603  유효회차 11개  누적 5596행
[411/1196] AIG20230000412606  유효회차 10개  누적 5606행
[412/1196] AIG20230000412607  유효회차 6개  누적 5612행
[413/1196] AIG20230000412610  유효회차 4개  누적 5616행
[414/1196] AIG20230000412614  유효회차 2개  누적 5618행
[415/1196] AIG20230000412615  유효회차 2개  누적 5620행
[416/1196] AIG20230000412616  유효회차 4개  누적 5624행
[417/1196] AIG20230000412622  유효회차 2개  누적 5626행
[418/1196] AIG20230000412641  유효회차 14개  누적 5640행
[419/1196] AIG20230000412645  유효회차 15개  누적 5655행
[420/1196] AIG20230000412649  유효회차 0개  누적 5655행
[421/1196] AIG20230000412652  유효회차 2개  누적 5657행
[422/1196] AIG20230000412654  유효회차 3개  누적 5660행
[423/1196] AIG20230000412656  유효회차 18개  누적 5678행
[424/1196] AIG20230000412662  유효회차 13개  누적 5691행
[425/1196] AIG20230000412663  유효회차 1개  누적 5692행
[426/1196] AIG20230000412664  유효회차 6개  누적 5698행
[427/1196] AIG20230000412667  유효회차 12개  누적 5710행
[428/1196] AIG20230000412670  유효회차 8개  누적 5718행
[429/1196] AIG20230000412672  유효회차 1개  누적 5719행
[430/1196] AIG20230000412674  유효회차 4개  누적 5723행
[431/1196] AIG20230000412678  유효회차 5개  누적 5728행
[432/1196] AIG20230000412679  유효회차 5개  누적 5733행
[433/1196] AIG20230000412682  유효회차 5개  누적 5738행
[434/1196] AIG20230000412684  유효회차 2개  누적 5740행
[435/1196] AIG20230000412685  유효회차 2개  누적 5742행
[436/1196] AIG20230000412687  유효회차 5개  누적 5747행
[437/1196] AIG20230000412688  유효회차 9개  누적 5756행
[438/1196] AIG20230000412689  유효회차 0개  누적 5756행
[439/1196] AIG20230000412692  유효회차 5개  누적 5761행
[440/1196] AIG20230000412694  유효회차 6개  누적 5767행
[441/1196] AIG20230000412697  유효회차 9개  누적 5776행
[442/1196] AIG20230000412698  유효회차 4개  누적 5780행
[443/1196] AIG20230000412699  유효회차 8개  누적 5788행
[444/1196] AIG20230000412705  유효회차 9개  누적 5797행
[445/1196] AIG20230000412712  유효회차 10개  누적 5807행
[446/1196] AIG20230000412713  유효회차 5개  누적 5812행
[447/1196] AIG20230000412718  유효회차 21개  누적 5833행
[448/1196] AIG20230000412720  유효회차 6개  누적 5839행
[449/1196] AIG20230000412730  유효회차 8개  누적 5847행
[450/1196] AIG20230000412731  유효회차 2개  누적 5849행
[451/1196] AIG20230000412733  유효회차 3개  누적 5852행
[452/1196] AIG20230000412735  유효회차 10개  누적 5862행
[453/1196] AIG20230000412736  유효회차 7개  누적 5869행
[454/1196] AIG20230000412740  유효회차 8개  누적 5877행
[455/1196] AIG20230000412742  유효회차 9개  누적 5886행
[456/1196] AIG20230000412744  유효회차 3개  누적 5889행
[457/1196] AIG20230000412747  유효회차 9개  누적 5898행
[458/1196] AIG20230000412748  유효회차 12개  누적 5910행
[459/1196] AIG20230000412750  유효회차 16개  누적 5926행
[460/1196] AIG20230000412753  유효회차 7개  누적 5933행
[461/1196] AIG20230000412755  유효회차 16개  누적 5949행
[462/1196] AIG20230000412757  유효회차 6개  누적 5955행
[463/1196] AIG20230000412764  유효회차 2개  누적 5957행
[464/1196] AIG20230000412765  유효회차 7개  누적 5964행
[465/1196] AIG20230000412766  유효회차 19개  누적 5983행
[466/1196] AIG20230000412770  유효회차 15개  누적 5998행
[467/1196] AIG20230000412780  유효회차 1개  누적 5999행
[468/1196] AIG20230000412786  유효회차 5개  누적 6004행
[469/1196] AIG20230000412790  유효회차 2개  누적 6006행
[470/1196] AIG20230000412794  유효회차 15개  누적 6021행
[471/1196] AIG20230000412795  유효회차 12개  누적 6033행
[472/1196] AIG20230000412797  유효회차 2개  누적 6035행
[473/1196] AIG20230000412798  유효회차 1개  누적 6036행
[474/1196] AIG20230000412799  유효회차 3개  누적 6039행
[475/1196] AIG20230000412800  유효회차 3개  누적 6042행
[476/1196] AIG20230000412803  유효회차 6개  누적 6048행
[477/1196] AIG20230000412804  유효회차 8개  누적 6056행
[478/1196] AIG20230000412815  유효회차 15개  누적 6071행
[479/1196] AIG20230000412816  유효회차 8개  누적 6079행
[480/1196] AIG20230000412817  유효회차 3개  누적 6082행
[481/1196] AIG20230000412819  유효회차 10개  누적 6092행
[482/1196] AIG20230000412826  유효회차 12개  누적 6104행
[483/1196] AIG20230000412830  유효회차 9개  누적 6113행
[484/1196] AIG20230000412831  유효회차 2개  누적 6115행
[485/1196] AIG20230000412832  유효회차 15개  누적 6130행
[486/1196] AIG20230000412834  유효회차 6개  누적 6136행
[487/1196] AIG20230000412839  유효회차 9개  누적 6145행
[488/1196] AIG20230000412840  유효회차 3개  누적 6148행
[489/1196] AIG20230000412842  유효회차 5개  누적 6153행
[490/1196] AIG20230000412847  유효회차 6개  누적 6159행
[491/1196] AIG20230000412849  유효회차 3개  누적 6162행
[492/1196] AIG20230000412852  유효회차 9개  누적 6171행
[493/1196] AIG20230000412856  유효회차 4개  누적 6175행
[494/1196] AIG20230000412857  유효회차 14개  누적 6189행
[495/1196] AIG20230000412863  유효회차 5개  누적 6194행
[496/1196] AIG20230000412866  유효회차 12개  누적 6206행
[497/1196] AIG20230000412868  유효회차 10개  누적 6216행
[498/1196] AIG20230000412871  유효회차 5개  누적 6221행
[499/1196] AIG20230000412875  유효회차 2개  누적 6223행
[500/1196] AIG20230000412876  유효회차 7개  누적 6230행
[501/1196] AIG20230000412880  유효회차 2개  누적 6232행
[502/1196] AIG20230000412881  유효회차 6개  누적 6238행
[503/1196] AIG20230000412883  유효회차 6개  누적 6244행
[504/1196] AIG20230000412885  유효회차 6개  누적 6250행
[505/1196] AIG20230000412892  유효회차 7개  누적 6257행
[506/1196] AIG20230000412895  유효회차 15개  누적 6272행
[507/1196] AIG20230000412897  유효회차 16개  누적 6288행
[508/1196] AIG20230000412904  유효회차 4개  누적 6292행
[509/1196] AIG20230000455437  유효회차 2개  누적 6294행
[510/1196] AIG20230000455460  유효회차 10개  누적 6304행
[511/1196] AIG20230000455498  유효회차 4개  누적 6308행
[512/1196] AIG20230000455507  유효회차 4개  누적 6312행
[513/1196] AIG20230000455522  유효회차 5개  누적 6317행
[514/1196] AIG20230000455523  유효회차 5개  누적 6322행
[515/1196] AIG20230000455530  유효회차 5개  누적 6327행
[516/1196] AIG20230000455540  유효회차 1개  누적 6328행
[517/1196] AIG20230000455548  유효회차 8개  누적 6336행
[518/1196] AIG20230000455554  유효회차 11개  누적 6347행
[519/1196] AIG20230000455555  유효회차 7개  누적 6354행
[520/1196] AIG20230000455557  유효회차 1개  누적 6355행
[521/1196] AIG20230000455560  유효회차 2개  누적 6357행
[522/1196] AIG20230000455568  유효회차 4개  누적 6361행
[523/1196] AIG20230000455573  유효회차 5개  누적 6366행
[524/1196] AIG20230000455575  유효회차 4개  누적 6370행
[525/1196] AIG20230000455576  유효회차 5개  누적 6375행
[526/1196] AIG20230000455578  유효회차 2개  누적 6377행
[527/1196] AIG20230000455581  유효회차 10개  누적 6387행
[528/1196] AIG20230000455585  유효회차 3개  누적 6390행
[529/1196] AIG20230000455586  유효회차 1개  누적 6391행
[530/1196] AIG20230000455587  유효회차 4개  누적 6395행
[531/1196] AIG20230000455588  유효회차 6개  누적 6401행
[532/1196] AIG20230000455589  유효회차 5개  누적 6406행
[533/1196] AIG20230000455590  유효회차 4개  누적 6410행
[534/1196] AIG20230000455591  유효회차 3개  누적 6413행
[535/1196] AIG20230000455592  유효회차 5개  누적 6418행
[536/1196] AIG20230000455593  유효회차 14개  누적 6432행
[537/1196] AIG20230000455594  유효회차 1개  누적 6433행
[538/1196] AIG20230000455595  유효회차 15개  누적 6448행
[539/1196] AIG20230000455596  유효회차 2개  누적 6450행
[540/1196] AIG20230000455597  유효회차 2개  누적 6452행
[541/1196] AIG20230000455598  유효회차 2개  누적 6454행
[542/1196] AIG20230000455599  유효회차 4개  누적 6458행
[543/1196] AIG20230000455601  유효회차 4개  누적 6462행
[544/1196] AIG20230000455602  유효회차 16개  누적 6478행
[545/1196] AIG20230000455604  유효회차 7개  누적 6485행
[546/1196] AIG20230000455609  유효회차 9개  누적 6494행
[547/1196] AIG20230000455610  유효회차 3개  누적 6497행
[548/1196] AIG20230000455611  유효회차 8개  누적 6505행
[549/1196] AIG20230000455612  유효회차 6개  누적 6511행
[550/1196] AIG20230000455615  유효회차 10개  누적 6521행
[551/1196] AIG20230000455616  유효회차 1개  누적 6522행
[552/1196] AIG20230000455617  유효회차 0개  누적 6522행
[553/1196] AIG20230000455618  유효회차 2개  누적 6524행
[554/1196] AIG20230000455619  유효회차 2개  누적 6526행
[555/1196] AIG20230000455622  유효회차 4개  누적 6530행
[556/1196] AIG20230000455623  유효회차 5개  누적 6535행
[557/1196] AIG20230000455628  유효회차 3개  누적 6538행
[558/1196] AIG20230000455630  유효회차 8개  누적 6546행
[559/1196] AIG20230000455631  유효회차 8개  누적 6554행
[560/1196] AIG20230000455632  유효회차 1개  누적 6555행
[561/1196] AIG20230000455633  유효회차 6개  누적 6561행
[562/1196] AIG20230000455634  유효회차 1개  누적 6562행
[563/1196] AIG20230000455635  유효회차 25개  누적 6587행
[564/1196] AIG20230000455637  유효회차 2개  누적 6589행
[565/1196] AIG20230000455640  유효회차 15개  누적 6604행
[566/1196] AIG20230000455642  유효회차 2개  누적 6606행
[567/1196] AIG20230000455646  유효회차 3개  누적 6609행
[568/1196] AIG20230000455653  유효회차 11개  누적 6620행
[569/1196] AIG20230000455655  유효회차 9개  누적 6629행
[570/1196] AIG20230000455656  유효회차 11개  누적 6640행
[571/1196] AIG20230000455658  유효회차 3개  누적 6643행
[572/1196] AIG20230000455659  유효회차 2개  누적 6645행
[573/1196] AIG20230000455661  유효회차 3개  누적 6648행
[574/1196] AIG20230000455664  유효회차 7개  누적 6655행
[575/1196] AIG20230000455665  유효회차 1개  누적 6656행
[576/1196] AIG20230000455666  유효회차 7개  누적 6663행
[577/1196] AIG20230000455669  유효회차 1개  누적 6664행
[578/1196] AIG20230000455673  유효회차 3개  누적 6667행
[579/1196] AIG20230000455675  유효회차 6개  누적 6673행
[580/1196] AIG20230000455683  유효회차 1개  누적 6674행
[581/1196] AIG20230000455687  유효회차 12개  누적 6686행
[582/1196] AIG20230000455692  유효회차 5개  누적 6691행
[583/1196] AIG20230000455694  유효회차 6개  누적 6697행
[584/1196] AIG20230000455696  유효회차 4개  누적 6701행
[585/1196] AIG20230000455698  유효회차 2개  누적 6703행
[586/1196] AIG20230000455704  유효회차 8개  누적 6711행
[587/1196] AIG20230000455708  유효회차 2개  누적 6713행
[588/1196] AIG20230000455714  유효회차 8개  누적 6721행
[589/1196] AIG20230000455715  유효회차 4개  누적 6725행
[590/1196] AIG20230000455716  유효회차 3개  누적 6728행
[591/1196] AIG20230000455717  유효회차 5개  누적 6733행
[592/1196] AIG20230000455718  유효회차 17개  누적 6750행
[593/1196] AIG20230000455719  유효회차 16개  누적 6766행
[594/1196] AIG20230000455720  유효회차 19개  누적 6785행
[595/1196] AIG20230000455722  유효회차 4개  누적 6789행
[596/1196] AIG20230000455726  유효회차 2개  누적 6791행
[597/1196] AIG20230000455728  유효회차 5개  누적 6796행
[598/1196] AIG20230000455731  유효회차 9개  누적 6805행
[599/1196] AIG20230000455732  유효회차 5개  누적 6810행
[600/1196] AIG20230000455734  유효회차 8개  누적 6818행
[601/1196] AIG20230000455736  유효회차 12개  누적 6830행
[602/1196] AIG20230000455739  유효회차 9개  누적 6839행
[603/1196] AIG20230000455741  유효회차 6개  누적 6845행
[604/1196] AIG20230000455743  유효회차 3개  누적 6848행
[605/1196] AIG20230000455744  유효회차 8개  누적 6856행
[606/1196] AIG20230000455746  유효회차 10개  누적 6866행
[607/1196] AIG20230000455747  유효회차 2개  누적 6868행
[608/1196] AIG20230000455748  유효회차 10개  누적 6878행
[609/1196] AIG20230000455749  유효회차 8개  누적 6886행
[610/1196] AIG20230000455751  유효회차 2개  누적 6888행
[611/1196] AIG20230000455752  유효회차 4개  누적 6892행
[612/1196] AIG20230000455753  유효회차 14개  누적 6906행
[613/1196] AIG20230000455754  유효회차 7개  누적 6913행
[614/1196] AIG20230000455758  유효회차 5개  누적 6918행
[615/1196] AIG20230000455759  유효회차 2개  누적 6920행
[616/1196] AIG20230000455766  유효회차 9개  누적 6929행
[617/1196] AIG20230000455769  유효회차 2개  누적 6931행
[618/1196] AIG20230000455775  유효회차 1개  누적 6932행
[619/1196] AIG20230000455779  유효회차 5개  누적 6937행
[620/1196] AIG20230000455781  유효회차 2개  누적 6939행
[621/1196] AIG20230000455783  유효회차 4개  누적 6943행
[622/1196] AIG20230000455784  유효회차 22개  누적 6965행
[623/1196] AIG20230000455791  유효회차 3개  누적 6968행
[624/1196] AIG20240000458996  유효회차 2개  누적 6970행
[625/1196] AIG20240000458997  유효회차 3개  누적 6973행
[626/1196] AIG20240000458998  유효회차 2개  누적 6975행
[627/1196] AIG20240000458999  유효회차 5개  누적 6980행
[628/1196] AIG20240000459000  유효회차 2개  누적 6982행
[629/1196] AIG20240000459005  유효회차 2개  누적 6984행
[630/1196] AIG20240000459009  유효회차 5개  누적 6989행
[631/1196] AIG20240000459010  유효회차 1개  누적 6990행
[632/1196] AIG20240000459011  유효회차 1개  누적 6991행
[633/1196] AIG20240000459012  유효회차 4개  누적 6995행
[634/1196] AIG20240000459016  유효회차 1개  누적 6996행
[635/1196] AIG20240000459017  유효회차 6개  누적 7002행
[636/1196] AIG20240000459019  유효회차 8개  누적 7010행
[637/1196] AIG20240000459021  유효회차 3개  누적 7013행
[638/1196] AIG20240000459022  유효회차 30개  누적 7043행
[639/1196] AIG20240000459023  유효회차 1개  누적 7044행
[640/1196] AIG20240000459024  유효회차 2개  누적 7046행
[641/1196] AIG20240000459026  유효회차 1개  누적 7047행
[642/1196] AIG20240000459034  유효회차 2개  누적 7049행
[643/1196] AIG20240000459036  유효회차 4개  누적 7053행
[644/1196] AIG20240000459038  유효회차 8개  누적 7061행
[645/1196] AIG20240000459039  유효회차 3개  누적 7064행
[646/1196] AIG20240000459040  유효회차 3개  누적 7067행
[647/1196] AIG20240000459041  유효회차 2개  누적 7069행
[648/1196] AIG20240000459042  유효회차 7개  누적 7076행
[649/1196] AIG20240000459044  유효회차 2개  누적 7078행
[650/1196] AIG20240000459046  유효회차 5개  누적 7083행
[651/1196] AIG20240000459049  유효회차 1개  누적 7084행
[652/1196] AIG20240000459051  유효회차 4개  누적 7088행
[653/1196] AIG20240000459053  유효회차 2개  누적 7090행
[654/1196] AIG20240000459054  유효회차 2개  누적 7092행
[655/1196] AIG20240000459058  유효회차 4개  누적 7096행
[656/1196] AIG20240000459059  유효회차 9개  누적 7105행
[657/1196] AIG20240000459062  유효회차 5개  누적 7110행
[658/1196] AIG20240000459063  유효회차 2개  누적 7112행
[659/1196] AIG20240000459064  유효회차 2개  누적 7114행
[660/1196] AIG20240000459065  유효회차 6개  누적 7120행
[661/1196] AIG20240000459066  유효회차 14개  누적 7134행
[662/1196] AIG20240000459068  유효회차 28개  누적 7162행
[663/1196] AIG20240000459077  유효회차 5개  누적 7167행
[664/1196] AIG20240000459082  유효회차 2개  누적 7169행
[665/1196] AIG20240000459083  유효회차 6개  누적 7175행
[666/1196] AIG20240000459084  유효회차 3개  누적 7178행
[667/1196] AIG20240000459085  유효회차 2개  누적 7180행
[668/1196] AIG20240000459086  유효회차 10개  누적 7190행
[669/1196] AIG20240000459088  유효회차 5개  누적 7195행
[670/1196] AIG20240000459089  유효회차 1개  누적 7196행
[671/1196] AIG20240000459090  유효회차 2개  누적 7198행
[672/1196] AIG20240000459091  유효회차 10개  누적 7208행
[673/1196] AIG20240000459095  유효회차 5개  누적 7213행
[674/1196] AIG20240000459097  유효회차 10개  누적 7223행
[675/1196] AIG20240000459099  유효회차 3개  누적 7226행
[676/1196] AIG20240000459104  유효회차 7개  누적 7233행
[677/1196] AIG20240000459105  유효회차 2개  누적 7235행
[678/1196] AIG20240000459107  유효회차 4개  누적 7239행
[679/1196] AIG20240000459108  유효회차 13개  누적 7252행
[680/1196] AIG20240000459109  유효회차 3개  누적 7255행
[681/1196] AIG20240000459111  유효회차 3개  누적 7258행
[682/1196] AIG20240000459113  유효회차 3개  누적 7261행
[683/1196] AIG20240000459114  유효회차 3개  누적 7264행
[684/1196] AIG20240000459115  유효회차 3개  누적 7267행
[685/1196] AIG20240000459116  유효회차 3개  누적 7270행
[686/1196] AIG20240000459118  유효회차 4개  누적 7274행
[687/1196] AIG20240000459119  유효회차 3개  누적 7277행
[688/1196] AIG20240000459121  유효회차 2개  누적 7279행
[689/1196] AIG20240000459122  유효회차 4개  누적 7283행
[690/1196] AIG20240000459123  유효회차 3개  누적 7286행
[691/1196] AIG20240000459124  유효회차 3개  누적 7289행
[692/1196] AIG20240000459125  유효회차 6개  누적 7295행
[693/1196] AIG20240000459129  유효회차 2개  누적 7297행
[694/1196] AIG20240000459130  유효회차 4개  누적 7301행
[695/1196] AIG20240000459132  유효회차 8개  누적 7309행
[696/1196] AIG20240000459133  유효회차 5개  누적 7314행
[697/1196] AIG20240000459138  유효회차 15개  누적 7329행
[698/1196] AIG20240000459140  유효회차 4개  누적 7333행
[699/1196] AIG20240000459141  유효회차 1개  누적 7334행
[700/1196] AIG20240000459142  유효회차 7개  누적 7341행
[701/1196] AIG20240000459143  유효회차 8개  누적 7349행
[702/1196] AIG20240000459144  유효회차 3개  누적 7352행
[703/1196] AIG20240000459151  유효회차 1개  누적 7353행
[704/1196] AIG20240000459152  유효회차 2개  누적 7355행
[705/1196] AIG20240000459153  유효회차 3개  누적 7358행
[706/1196] AIG20240000459156  유효회차 3개  누적 7361행
[707/1196] AIG20240000459157  유효회차 5개  누적 7366행
[708/1196] AIG20240000459160  유효회차 1개  누적 7367행
[709/1196] AIG20240000459163  유효회차 6개  누적 7373행
[710/1196] AIG20240000459164  유효회차 6개  누적 7379행
[711/1196] AIG20240000459166  유효회차 8개  누적 7387행
[712/1196] AIG20240000459167  유효회차 6개  누적 7393행
[713/1196] AIG20240000459168  유효회차 5개  누적 7398행
[714/1196] AIG20240000459170  유효회차 2개  누적 7400행
[715/1196] AIG20240000459173  유효회차 1개  누적 7401행
[716/1196] AIG20240000459174  유효회차 6개  누적 7407행
[717/1196] AIG20240000459179  유효회차 4개  누적 7411행
[718/1196] AIG20240000459182  유효회차 1개  누적 7412행
[719/1196] AIG20240000459183  유효회차 5개  누적 7417행
[720/1196] AIG20240000459185  유효회차 6개  누적 7423행
[721/1196] AIG20240000459186  유효회차 1개  누적 7424행
[722/1196] AIG20240000459187  유효회차 8개  누적 7432행
[723/1196] AIG20240000459189  유효회차 10개  누적 7442행
[724/1196] AIG20240000459190  유효회차 1개  누적 7443행
[725/1196] AIG20240000459191  유효회차 7개  누적 7450행
[726/1196] AIG20240000459194  유효회차 4개  누적 7454행
[727/1196] AIG20240000459195  유효회차 4개  누적 7458행
[728/1196] AIG20240000459198  유효회차 2개  누적 7460행
[729/1196] AIG20240000459201  유효회차 1개  누적 7461행
[730/1196] AIG20240000459204  유효회차 6개  누적 7467행
[731/1196] AIG20240000459207  유효회차 4개  누적 7471행
[732/1196] AIG20240000459208  유효회차 1개  누적 7472행
[733/1196] AIG20240000459209  유효회차 13개  누적 7485행
[734/1196] AIG20240000459210  유효회차 5개  누적 7490행
[735/1196] AIG20240000459211  유효회차 4개  누적 7494행
[736/1196] AIG20240000459214  유효회차 5개  누적 7499행
[737/1196] AIG20240000459217  유효회차 1개  누적 7500행
[738/1196] AIG20240000459220  유효회차 1개  누적 7501행
[739/1196] AIG20240000459225  유효회차 4개  누적 7505행
[740/1196] AIG20240000459227  유효회차 6개  누적 7511행
[741/1196] AIG20240000459228  유효회차 1개  누적 7512행
[742/1196] AIG20240000459229  유효회차 5개  누적 7517행
[743/1196] AIG20240000459232  유효회차 2개  누적 7519행
[744/1196] AIG20240000459233  유효회차 4개  누적 7523행
[745/1196] AIG20240000459234  유효회차 5개  누적 7528행
[746/1196] AIG20240000459235  유효회차 1개  누적 7529행
[747/1196] AIG20240000459236  유효회차 4개  누적 7533행
[748/1196] AIG20240000459237  유효회차 2개  누적 7535행
[749/1196] AIG20240000459241  유효회차 0개  누적 7535행
[750/1196] AIG20240000459242  유효회차 4개  누적 7539행
[751/1196] AIG20240000459245  유효회차 3개  누적 7542행
[752/1196] AIG20240000459246  유효회차 1개  누적 7543행
[753/1196] AIG20240000459249  유효회차 5개  누적 7548행
[754/1196] AIG20240000459251  유효회차 2개  누적 7550행
[755/1196] AIG20240000459253  유효회차 2개  누적 7552행
[756/1196] AIG20240000459254  유효회차 6개  누적 7558행
[757/1196] AIG20240000459258  유효회차 5개  누적 7563행
[758/1196] AIG20240000459259  유효회차 7개  누적 7570행
[759/1196] AIG20240000459261  유효회차 2개  누적 7572행
[760/1196] AIG20240000459262  유효회차 2개  누적 7574행
[761/1196] AIG20240000459263  유효회차 1개  누적 7575행
[762/1196] AIG20240000459264  유효회차 1개  누적 7576행
[763/1196] AIG20240000459267  유효회차 9개  누적 7585행
[764/1196] AIG20240000459268  유효회차 10개  누적 7595행
[765/1196] AIG20240000459269  유효회차 7개  누적 7602행
[766/1196] AIG20240000459270  유효회차 1개  누적 7603행
[767/1196] AIG20240000459271  유효회차 2개  누적 7605행
[768/1196] AIG20240000459272  유효회차 2개  누적 7607행
[769/1196] AIG20240000459278  유효회차 11개  누적 7618행
[770/1196] AIG20240000459279  유효회차 6개  누적 7624행
[771/1196] AIG20240000459283  유효회차 12개  누적 7636행
[772/1196] AIG20240000459285  유효회차 2개  누적 7638행
[773/1196] AIG20240000459286  유효회차 4개  누적 7642행
[774/1196] AIG20240000459287  유효회차 2개  누적 7644행
[775/1196] AIG20240000459288  유효회차 1개  누적 7645행
[776/1196] AIG20240000459290  유효회차 4개  누적 7649행
[777/1196] AIG20240000459291  유효회차 5개  누적 7654행
[778/1196] AIG20240000459292  유효회차 8개  누적 7662행
[779/1196] AIG20240000459293  유효회차 6개  누적 7668행
[780/1196] AIG20240000459296  유효회차 2개  누적 7670행
[781/1196] AIG20240000459298  유효회차 4개  누적 7674행
[782/1196] AIG20240000459301  유효회차 6개  누적 7680행
[783/1196] AIG20240000459302  유효회차 14개  누적 7694행
[784/1196] AIG20240000459303  유효회차 4개  누적 7698행
[785/1196] AIG20240000459304  유효회차 2개  누적 7700행
[786/1196] AIG20240000459306  유효회차 8개  누적 7708행
[787/1196] AIG20240000459307  유효회차 7개  누적 7715행
[788/1196] AIG20240000459308  유효회차 6개  누적 7721행
[789/1196] AIG20240000459310  유효회차 9개  누적 7730행
[790/1196] AIG20240000459311  유효회차 10개  누적 7740행
[791/1196] AIG20240000459312  유효회차 1개  누적 7741행
[792/1196] AIG20240000459313  유효회차 4개  누적 7745행
[793/1196] AIG20240000459315  유효회차 8개  누적 7753행
[794/1196] AIG20240000459316  유효회차 5개  누적 7758행
[795/1196] AIG20240000459317  유효회차 8개  누적 7766행
[796/1196] AIG20240000459319  유효회차 3개  누적 7769행
[797/1196] AIG20240000459320  유효회차 2개  누적 7771행
[798/1196] AIG20240000459322  유효회차 8개  누적 7779행
[799/1196] AIG20240000459323  유효회차 3개  누적 7782행
[800/1196] AIG20240000459325  유효회차 9개  누적 7791행
[801/1196] AIG20240000459326  유효회차 3개  누적 7794행
[802/1196] AIG20240000459328  유효회차 8개  누적 7802행
[803/1196] AIG20240000459329  유효회차 4개  누적 7806행
[804/1196] AIG20240000459331  유효회차 3개  누적 7809행
[805/1196] AIG20240000459333  유효회차 4개  누적 7813행
중복 1339행 제거

완료: 6474행 -> satisfaction_by_round.csv
  과정 1196개 중 회차목록 실패 0개
  유효 목록에 없어 건너뛴 회차 231개 (폴백값 방지)
